// Jest Snapshot v1, https://goo.gl/fbAQLP

exports[`matches snapshot 1`] = `
<DocumentFragment>
  <h4>
    No announcement has been made.
  </h4>
</DocumentFragment>
`;
